[dialock-hafele.netlify.app/index.html]
[dialock-hafele.netlify.app/assets/css/just-the-docs-default.css]
[dialock-hafele.netlify.app/assets/js/vendor/lunr.min.js]
[backblue.gif]
[fade.gif]
[index.html]
[dialock-hafele.netlify.app/assets/js/just-the-docs.js]
[identity.netlify.com/v1/netlify-identity-widget.js]
[dialock-hafele.netlify.app/ft200.html]
[dialock-hafele.netlify.app/assets/ft200/ft200_aux_port.html]
[dialock-hafele.netlify.app/assets/ft200/ft200_aux_output_alarm.html]
[dialock-hafele.netlify.app/assets/ft200/ft200_aux_output_lock.html]
[dialock-hafele.netlify.app/assets/ft200/ft200_aux_monitor_both.html]
[dialock-hafele.netlify.app/assets/ft200/ft200_aux_inter_locking.html]
[dialock-hafele.netlify.app/assets/ft200/ft200-videos.html]
[dialock-hafele.netlify.app/assets/ft200/ft200-videos-individuals.html]
[dialock-hafele.netlify.app/assets/ft200/ft200-videos-two-antennas.html]
[dialock-hafele.netlify.app/assets/ft200/ft200-videos-cellphones.html]
[dialock-hafele.netlify.app/assets/ft200/ft200-videos-decoration-key.html]
[dialock-hafele.netlify.app/assets/ft200/ft200-videos-user-key.html]
[dialock-hafele.netlify.app/assets/ft200/ft200_videos_keep_user_key.html]
[dialock-hafele.netlify.app/assets/ft200/ft200-videos-openning-time.html]
[dialock-hafele.netlify.app/assets/ft200/ft200-videos-remote-reset.html]
[dialock-hafele.netlify.app/assets/ft200/ft200-certification.html]
[dialock-hafele.netlify.app/ft120.html]
[dialock-hafele.netlify.app/assets/ft120/ft120_macro.html]
[dialock-hafele.netlify.app/assets/ft120/ft120_programming_keys.html]
[dialock-hafele.netlify.app/assets/ft120/ft120_user_keys.html]
[dialock-hafele.netlify.app/efl3.html]
[dialock-hafele.netlify.app/efl30.html]
[dialock-hafele.netlify.app/assets/efl30/external.html]
[dialock-hafele.netlify.app/efl50.html]
[dialock-hafele.netlify.app/assets/efl50/videos.html]
[dialock-hafele.netlify.app/test-unit.html]
[dialock-hafele.netlify.app/app_files.html]
[dialock-hafele.netlify.app/assets/app-hdm/ft200-add-on.html]
[dialock-hafele.netlify.app/assets/app-hdm/app_mode.html]
[dialock-hafele.netlify.app/assets/app-hdm/apk.html]
[dialock-hafele.netlify.app/assets/app-hdm/loading-macro.html]
[dialock-hafele.netlify.app/assets/app-hdm/self-test.html]
[dialock-hafele.netlify.app/power-supply.html]
[dialock-hafele.netlify.app/emergency.html]
[dialock-hafele.netlify.app/assets/emergency/aux-in.html]
[dialock-hafele.netlify.app/assets/emergency/test-unit.html]
[dialock-hafele.netlify.app/assets/emergency/test-unit-one-lock.html]
[dialock-hafele.netlify.app/assets/emergency/test-unit-multiple-locks.html]
[dialock-hafele.netlify.app/assets/emergency/external-power.html]
[dialock-hafele.netlify.app/wt210.html]
[dialock-hafele.netlify.app/assets/wt210/wt210-strike.html]
[dialock-hafele.netlify.app/assets/wt210/wt210-diagram.html]
[dialock-hafele.netlify.app/assets/wt210/wt210-operation.html]
[dialock-hafele.netlify.app/index.html]
[dialock-hafele.netlify.app/faq.html]
[dialock-hafele.netlify.app/images/hafele-logo.jpg]
[dialock-hafele.netlify.app/assets/css/just-the-docs-default.css]
[dialock-hafele.netlify.app/assets/css/just-the-docs-head-nav.css]
[dialock-hafele.netlify.app/css/general.css]
[dialock-hafele.netlify.app/css/lightbox.min.css]
[dialock-hafele.netlify.app/assets/FT200/key.jpg]
[dialock-hafele.netlify.app/assets/FT200/catalog/fancy-key-cards.pdf]
[dialock-hafele.netlify.app/assets/FT200/ft200_short_power_cable.jpg]
[dialock-hafele.netlify.app/assets/FT200/ft200_config.jpg]
[dialock-hafele.netlify.app/assets/FT200/in_alarm.mp3]
[dialock-hafele.netlify.app/assets/FT200/buzzer.jpg]
[dialock-hafele.netlify.app/assets/FT200/ex_alarm_1.wav]
[dialock-hafele.netlify.app/assets/FT200/siren.jpg]
[dialock-hafele.netlify.app/assets/FT200/ex_alarm_2.wav]
[dialock-hafele.netlify.app/assets/FT200/FT200.jpg]
[dialock-hafele.netlify.app/assets/FT200/catalog/pages_ch.pdf]
[dialock-hafele.netlify.app/assets/FT200/catalog/pages_en.pdf]
[dialock-hafele.netlify.app/assets/FT200/ft200_mounting.pdf]
[dialock-hafele.netlify.app/js/lightbox-plus-jquery.js]
[dialock-hafele.netlify.app/assets/FT200/fan200_mounting.pdf]
[dialock-hafele.netlify.app/js/ft200_components_selection.js]
[dialock-hafele.netlify.app/ft200.html]
[dialock-hafele.netlify.app/assets/FT200/terminal_port.jpg]
[dialock-hafele.netlify.app/assets/ft200/ft200_aux_port.html]
[dialock-hafele.netlify.app/assets/FT200/eSFH.pdf]
[dialock-hafele.netlify.app/assets/ft200/ft200_aux_output_alarm.html]
[dialock-hafele.netlify.app/assets/ft200/ft200_aux_output_lock.html]
[dialock-hafele.netlify.app/assets/ft200/ft200_aux_monitor_both.html]
[dialock-hafele.netlify.app/assets/ft200/ft200_aux_inter_locking.html]
[dialock-hafele.netlify.app/assets/ft200/ft200-videos.html]
[dialock-hafele.netlify.app/assets/ft200/ft200-videos-individuals.html]
[dialock-hafele.netlify.app/assets/FT200/ft200_programming_keys_cn.pdf]
[dialock-hafele.netlify.app/assets/FT200/ft200-operation-guide.pdf]
[dialock-hafele.netlify.app/assets/ft200/ft200-videos-two-antennas.html]
[dialock-hafele.netlify.app/assets/ft200/ft200-videos-cellphones.html]
[dialock-hafele.netlify.app/assets/ft200/ft200-videos-decoration-key.html]
[dialock-hafele.netlify.app/assets/ft200/ft200-videos-user-key.html]
[dialock-hafele.netlify.app/assets/ft200/ft200_videos_keep_user_key.html]
[dialock-hafele.netlify.app/assets/ft200/ft200-videos-openning-time.html]
[dialock-hafele.netlify.app/assets/ft200/ft200-videos-remote-reset.html]
[dialock-hafele.netlify.app/assets/ft200/ft200-certification.html]
[dialock-hafele.netlify.app/assets/FT200/certification/FCC 认证 FT200.pdf]
[dialock-hafele.netlify.app/assets/FT120/fcc.pdf]
[dialock-hafele.netlify.app/assets/FT120/catalog/FT120英文单页.pdf]
[dialock-hafele.netlify.app/assets/FT120/FT120.jpg]
[dialock-hafele.netlify.app/ft120.html]
[dialock-hafele.netlify.app/assets/ft120/ft120_macro.html]
[dialock-hafele.netlify.app/assets/FT120/ft120_op_ins.pdf]
[dialock-hafele.netlify.app/assets/ft120/ft120_programming_keys.html]
[dialock-hafele.netlify.app/assets/ft120/ft120_user_keys.html]
[dialock-hafele.netlify.app/assets/EFL3/EFL3.jpg]
[dialock-hafele.netlify.app/assets/EFL3/locking-piece.jpg]
[dialock-hafele.netlify.app/assets/EFL3/efl3-en.pdf]
[dialock-hafele.netlify.app/efl3.html]
[dialock-hafele.netlify.app/assets/EFL3/efl3-cn.pdf]
[dialock-hafele.netlify.app/assets/EFL30/EFL30.jpg]
[dialock-hafele.netlify.app/assets/EFL3/efl3_mounting.pdf]
[dialock-hafele.netlify.app/assets/EFL30/catalog/EFL30中文单页.pdf]
[dialock-hafele.netlify.app/efl30.html]
[dialock-hafele.netlify.app/assets/EFL30/catalog/EFL30英文单页.pdf]
[dialock-hafele.netlify.app/assets/EFL30/external.jpg]
[dialock-hafele.netlify.app/assets/efl30/external.html]
[dialock-hafele.netlify.app/assets/EFL50/efl50-programming-key.jpg]
[dialock-hafele.netlify.app/assets/EFL50/EFL50.jpg]
[dialock-hafele.netlify.app/assets/EFL50/efl50-wellness.jpg]
[dialock-hafele.netlify.app/assets/EFL50/efl50-bolt.jpg]
[dialock-hafele.netlify.app/assets/EFL50/efl50-standard.jpg]
[dialock-hafele.netlify.app/efl50.html]
[dialock-hafele.netlify.app/assets/EFL50/efl50-catalog-cn.pdf]
[dialock-hafele.netlify.app/assets/EFL50/efl50-catalog-en.pdf]
[dialock-hafele.netlify.app/assets/efl50/videos.html]
[dialock-hafele.netlify.app/assets/test-unit/test-unit.jpg]
[dialock-hafele.netlify.app/test-unit.html]
[dialock-hafele.netlify.app/assets/app-hdm/akc.jpg]
[dialock-hafele.netlify.app/assets/test-unit/operation-guide.pdf]
[dialock-hafele.netlify.app/assets/app-hdm/apk-2.html]
[dialock-hafele.netlify.app/app_files.html]
[dialock-hafele.netlify.app/js/add_on_ordering_workflow.js]
[dialock-hafele.netlify.app/js/jquery-3.6.2.min.js]
[dialock-hafele.netlify.app/js/addonSelection.js]
[dialock-hafele.netlify.app/assets/app-hdm/port_position.jpg]
[dialock-hafele.netlify.app/assets/app-hdm/antenna_position.jpg]
[dialock-hafele.netlify.app/assets/app-hdm/add-on/FT200/AlrmPrem_AKC169-171_FT200.Signed.dlkAddon]
[dialock-hafele.netlify.app/assets/app-hdm/add-on/FT200/AlrmPrem_AKC175-177_FT200.Signed.dlkAddon.dlkAddon]
[dialock-hafele.netlify.app/assets/app-hdm/add-on/FT200/DM22005-166-168-AlrmPrem FT200.Signed.FT200.dlkAddon]
[dialock-hafele.netlify.app/assets/app-hdm/add-on/FT200/DM22005-AlrmPrem FT200.Signed.FT200.000 154.dlkAddon]
[dialock-hafele.netlify.app/assets/app-hdm/add-on/FT200/DM22005-AlrmPrem FT200.Signed.FT200.000 157.dlkAddon]
[dialock-hafele.netlify.app/assets/app-hdm/add-on/FT200/DM22007-AKC_160-162_.Signed.FT200.dlkAddon]
[dialock-hafele.netlify.app/assets/app-hdm/add-on/FT200/DM22007-AKC_178-180_.Signed.FT200.dlkAddon]
[dialock-hafele.netlify.app/assets/app-hdm/add-on/FT200/DM22007-AlrmPrem_AKC151-153 FT200 V2.Signed.FT200.dlkAddon]
[dialock-hafele.netlify.app/assets/app-hdm/add-on/FT200/DM22009-AlmPrem FT200DualAnt.Signed.FT200.000 172.dlkAddon]
[dialock-hafele.netlify.app/assets/app-hdm/add-on/FT200/DM22015-AlmPrem FT200DualAnt.Signed.FT200.000 172.dlkAddon]
[dialock-hafele.netlify.app/assets/app-hdm/add-on/FT200/DM22005-AlrmPrem FT200.Signed.FT200.000 172.dlkAddon]
[dialock-hafele.netlify.app/assets/app-hdm/add-on/FT200/DM22005-AlrmPrem FT200.Signed.FT200.000 430.dlkAddon]
[dialock-hafele.netlify.app/assets/app-hdm/add-on/FT200/DM22005-AlrmPrem FT200.Signed.FT200.000 433.dlkAddon]
[dialock-hafele.netlify.app/assets/app-hdm/add-on/FT200/DM22005-AlrmPrem FT200.Signed.FT200.000 622.dlkAddon]
[dialock-hafele.netlify.app/assets/app-hdm/add-on/FT200/DM22005-AlrmPrem FT200.Signed.FT200.000 625.dlkAddon]
[dialock-hafele.netlify.app/assets/app-hdm/add-on/FT200/DM22005-AlrmPrem FT200.Signed.FT200.000 637.dlkAddon]
[dialock-hafele.netlify.app/assets/app-hdm/add-on/FT200/DM22005-AlrmPrem FT200.Signed.FT200.000 436.dlkAddon]
[dialock-hafele.netlify.app/assets/app-hdm/add-on/FT200/DM22005-AlrmPrem FT200.Signed.FT200.000 631.dlkAddon]
[dialock-hafele.netlify.app/assets/app-hdm/add-on/FT200/DM22005-AlrmPrem FT200.Signed.FT200.000 634_corrected.dlkAddon]
[dialock-hafele.netlify.app/assets/app-hdm/add-on/FT200/DM22005-AlrmPrem FT200.Signed.FT200.000 640.dlkAddon]
[dialock-hafele.netlify.app/assets/app-hdm/add-on/FT200/DM22005-AlrmPrem FT200.Signed.FT200.000 643.dlkAddon]
[dialock-hafele.netlify.app/assets/app-hdm/add-on/FT200/DM22009-AlmPrem FT200DualAnt.Signed.FT200.000 622.dlkAddon]
[dialock-hafele.netlify.app/assets/app-hdm/add-on/FT200/DM22005-AlrmPrem FT200.Signed.FT200.000 163.dlkAddon]
[dialock-hafele.netlify.app/assets/app-hdm/add-on/FT200/DM22005-AlrmPrem FT200.Signed.FT200.000 439.dlkAddon]
[dialock-hafele.netlify.app/assets/app-hdm/add-on/FT200/DM22005-AlrmPrem FT200.Signed.FT200.000 442.dlkAddon]
[dialock-hafele.netlify.app/assets/app-hdm/add-on/FT200/DM29003-Mod_DM22005.Signed.FT200.000 628.dlkAddon]
[dialock-hafele.netlify.app/assets/app-hdm/add-on/FT200/DM22017-AlrmPrem FT200 AUX.Signed.FT200.000 628.dlkAddon]
[dialock-hafele.netlify.app/assets/app-hdm/add-on/FT200/DM29004-Mod_DM22023.Signed.FT200.000 628.dlkAddon]
[dialock-hafele.netlify.app/assets/app-hdm/add-on/FT200/DM22005-AlrmPrem FT200.Signed.FT200.000 646.dlkAddon]
[dialock-hafele.netlify.app/assets/app-hdm/add-on/FT200/DM22005-AlrmPrem FT200.Signed.FT200.000 700.dlkAddon]
[dialock-hafele.netlify.app/assets/app-hdm/add-on/FT200/DM22005-AlrmPrem FT200.Signed.FT200.000 703.dlkAddon]
[dialock-hafele.netlify.app/assets/app-hdm/add-on/FT200/DM22009-DualAnt_12-34.Signed.FT200.000 703.dlkAddon]
[dialock-hafele.netlify.app/assets/app-hdm/add-on/FT200/DM22005-AlrmPrem FT200.Signed.FT200.000 706.dlkAddon]
[dialock-hafele.netlify.app/assets/app-hdm/add-on/FT200/DM22005-AlrmPrem FT200.Signed.FT200.000 679.dlkAddon]
[dialock-hafele.netlify.app/assets/app-hdm/add-on/FT200/DM22005-AlrmPrem FT200.Signed.FT200.000 685.dlkAddon]
[dialock-hafele.netlify.app/assets/app-hdm/add-on/FT200/DM22005-AlrmPrem FT200.Signed.FT200.000 682.dlkAddon]
[dialock-hafele.netlify.app/assets/app-hdm/add-on/FT200/DM22005-AlrmPrem FT200.Signed.FT200.000 697.dlkAddon]
[dialock-hafele.netlify.app/assets/app-hdm/add-on/FT200/DM22005-AlrmPrem FT200.Signed.FT200.000 694.dlkAddon]
[dialock-hafele.netlify.app/assets/app-hdm/add-on/FT200/DM22005-AlrmPrem FT200.Signed.FT200.000 868.dlkAddon]
[dialock-hafele.netlify.app/assets/app-hdm/add-on/FT200/DM22005-AlrmPrem FT200.Signed.FT200.000 649.dlkAddon]
[dialock-hafele.netlify.app/assets/app-hdm/add-on/FT200/DM22005-AlrmPrem FT200.Signed.FT200.000 895.dlkAddon]
[dialock-hafele.netlify.app/assets/app-hdm/add-on/FT200/DM22005-AlrmPrem FT200.Signed.FT200.000 898.dlkAddon]
[dialock-hafele.netlify.app/assets/app-hdm/add-on/FT200/DM22005-AlrmPrem FT200.Signed.FT200.000 904.dlkAddon]
[dialock-hafele.netlify.app/assets/app-hdm/add-on/FT200/DM22005-AlrmPrem FT200.Signed.FT200.000 907.dlkAddon]
[dialock-hafele.netlify.app/assets/app-hdm/add-on/FT200/DM22005-AlrmPrem FT200.Signed.FT200.000 910.dlkAddon]
[dialock-hafele.netlify.app/assets/app-hdm/add-on/FT200/DM22005-AlrmPrem FT200.Signed.FT200.000 913.dlkAddon]
[dialock-hafele.netlify.app/assets/app-hdm/add-on/FT200/DM22005-AlrmPrem FT200.Signed.FT200.000 916.dlkAddon]
[dialock-hafele.netlify.app/assets/app-hdm/add-on/FT200/DM22005-AlrmPrem FT200.Signed.FT200.000 919.dlkAddon]
[dialock-hafele.netlify.app/assets/app-hdm/add-on/FT200/DM22005-AlrmPrem FT200.Signed.FT200.000 925.dlkAddon]
[dialock-hafele.netlify.app/assets/app-hdm/add-on/FT200/DM22005-AlrmPrem FT200.Signed.FT200.000 934.dlkAddon]
[dialock-hafele.netlify.app/assets/app-hdm/add-on/FT200/DM22009-AlmPrem FT200DualAnt.Signed.FT200.000 892.dlkAddon]
[dialock-hafele.netlify.app/assets/app-hdm/add-on/FT200/DM22005-AlrmPrem FT200.Signed.FT200.000 922.dlkAddon]
[dialock-hafele.netlify.app/assets/app-hdm/add-on/FT200/DM22005-AlrmPrem FT200.Signed.FT200.000 901.dlkAddon]
[dialock-hafele.netlify.app/assets/app-hdm/add-on/FT200/DM22009-AlmPrem FT200DualAnt.Signed.FT200.000 928.dlkAddon]
[dialock-hafele.netlify.app/assets/app-hdm/add-on/FT200/DM22005-AlrmPrem FT200.Signed.FT200.000 688.dlkAddon]
[dialock-hafele.netlify.app/assets/app-hdm/add-on/FT200/DM22005-AlrmPrem FT200.Signed.FT200.000 931.dlkAddon]
[dialock-hafele.netlify.app/assets/app-hdm/add-on/FT200/DM22005-AlrmPrem FT200.Signed.FT200.001 201.dlkAddon]
[dialock-hafele.netlify.app/assets/app-hdm/add-on/FT200/DM22005-AlrmPrem FT200.Signed.FT200.001 210.dlkAddon]
[dialock-hafele.netlify.app/assets/app-hdm/add-on/FT200/DM22021-AlmPrem FT200 2Ant13.Signed.FT200.001 216.dlkAddon]
[dialock-hafele.netlify.app/assets/app-hdm/add-on/FT200/DM22005-AlrmPrem FT200.Signed.FT200.001 219.dlkAddon]
[dialock-hafele.netlify.app/assets/app-hdm/add-on/FT200/DM22005-AlrmPrem FT200.Signed.FT200.001 222.dlkAddon]
[dialock-hafele.netlify.app/assets/app-hdm/add-on/FT200/DM22009-AlmPrem FT200DualAnt.Signed.FT200.001 228.dlkAddon]
[dialock-hafele.netlify.app/assets/app-hdm/add-on/FT200/DM22005-AlrmPrem FT200.Signed.FT200.001 228.dlkAddon]
[dialock-hafele.netlify.app/assets/app-hdm/add-on/FT200/DM22005-AlrmPrem FT200.Signed.FT200.001 207.dlkAddon]
[dialock-hafele.netlify.app/assets/app-hdm/add-on/FT200/DM22005-AlrmPrem FT200.Signed.FT200.001 213.dlkAddon]
[dialock-hafele.netlify.app/assets/app-hdm/add-on/FT200/DM22021-AlmPrem FT200 2Ant13.Signed.FT200.001 225.dlkAddon]
[dialock-hafele.netlify.app/assets/app-hdm/add-on/FT200/DM22009-AlmPrem FT200DualAnt.Signed.FT200.001 225.dlkAddon]
[dialock-hafele.netlify.app/assets/app-hdm/add-on/FT200/DM22005-AlrmPrem FT200.Signed.FT200.001 225.dlkAddon]
[dialock-hafele.netlify.app/assets/app-hdm/add-on/FT200/DM22005-AlrmPrem FT200.Signed.FT200.001 312.dlkAddon]
[dialock-hafele.netlify.app/assets/app-hdm/add-on/FT200/DM22005-AlrmPrem FT200.Signed.FT200.001 324.dlkAddon]
[dialock-hafele.netlify.app/assets/app-hdm/add-on/FT200/DM22005-AlrmPrem FT200.Signed.FT200.001 327.dlkAddon]
[dialock-hafele.netlify.app/assets/app-hdm/add-on/FT200/DM22005-AlrmPrem FT200.Signed.FT200.001 330.dlkAddon]
[dialock-hafele.netlify.app/assets/app-hdm/add-on/FT200/DM22005-AlrmPrem FT200.Signed.FT200.001 339.dlkAddon]
[dialock-hafele.netlify.app/assets/app-hdm/add-on/FT200/DM22005-AlrmPrem FT200.Signed.FT200.001 519.dlkAddon]
[dialock-hafele.netlify.app/assets/app-hdm/add-on/FT200/DM22009-AlmPrem FT200DualAnt.Signed.FT200.001 336.dlkAddon]
[dialock-hafele.netlify.app/assets/app-hdm/add-on/FT200/DM22014-Dual Antenna.Signed.FT200.001 336.dlkAddon]
[dialock-hafele.netlify.app/assets/app-hdm/add-on/FT200/DM22005-AlrmPrem FT200.Signed.FT200.001 321.dlkAddon]
[dialock-hafele.netlify.app/assets/app-hdm/add-on/FT200/DM22021-AlmPrem FT200 2Ant13.Signed.FT200.001 504.dlkAddon]
[dialock-hafele.netlify.app/assets/app-hdm/add-on/FT200/DM22009-AlmPrem FT200DualAnt.Signed.FT200.001 504.dlkAddon]
[dialock-hafele.netlify.app/assets/app-hdm/add-on/FT200/DM22009-AlmPrem FT200DualAnt.Signed.FT200.001 204.dlkAddon]
[dialock-hafele.netlify.app/assets/app-hdm/add-on/FT200/DM22009-AlmPrem FT200DualAnt.Signed.FT200.001 333.dlkAddon]
[dialock-hafele.netlify.app/assets/app-hdm/add-on/FT200/DM22005-AlrmPrem FT200.Signed.FT200.001 318.dlkAddon]
[dialock-hafele.netlify.app/assets/app-hdm/add-on/FT200/DM22009-AlmPrem FT200DualAnt.Signed.FT200.001 531.dlkAddon]
[dialock-hafele.netlify.app/assets/app-hdm/add-on/FT200/DM22009-AlmPrem FT200DualAnt.Signed.FT200.001 342.dlkAddon]
[dialock-hafele.netlify.app/assets/app-hdm/add-on/FT200/DM22009-AlmPrem FT200DualAnt.Signed.FT200.001 528.dlkAddon]
[dialock-hafele.netlify.app/assets/app-hdm/add-on/FT200/DM22005-AlrmPrem FT200.Signed.FT200.001 525.dlkAddon]
[dialock-hafele.netlify.app/assets/app-hdm/add-on/FT200/DM22005-AlrmPrem FT200.Signed.FT200.001 315.dlkAddon]
[dialock-hafele.netlify.app/assets/app-hdm/add-on/FT200/DM22005-AlrmPrem FT200.Signed.FT200.001 300.dlkAddon]
[dialock-hafele.netlify.app/assets/app-hdm/add-on/FT200/DM22009-DualAnt_12-34.Signed.FT200.001 522.dlkAddon]
[dialock-hafele.netlify.app/assets/app-hdm/add-on/FT200/DM22005-AlrmPrem FT200.Signed.FT200.001 522.dlkAddon]
[dialock-hafele.netlify.app/assets/app-hdm/add-on/FT200/DM22030-DualAnt_12-34.Signed.FT200.001 867.dlkAddon]
[dialock-hafele.netlify.app/assets/app-hdm/add-on/FT200/DM22030-DualAnt_12-34.Signed.FT200.001 507.dlkAddon]
[dialock-hafele.netlify.app/assets/app-hdm/add-on/FT200/DM22015-DualAnt_123-4.Signed.FT200.001 507.dlkAddon]
[dialock-hafele.netlify.app/assets/app-hdm/add-on/FT200/DM22030-DualAnt_12-34.Signed.FT200.001 306.dlkAddon]
[dialock-hafele.netlify.app/assets/app-hdm/add-on/FT200/DM22015-DualAnt_123-4.Signed.FT200.001 306.dlkAddon]
[dialock-hafele.netlify.app/assets/app-hdm/add-on/FT200/DM22030-DualAnt_12-34.Signed.FT200.001 291.dlkAddon]
[dialock-hafele.netlify.app/assets/app-hdm/add-on/FT200/DM22030-DualAnt_12-34.Signed.FT200.001 864.dlkAddon]
[dialock-hafele.netlify.app/assets/app-hdm/add-on/FT200/DM22030-DualAnt_12-34.Signed.FT200.001 822.dlkAddon]
[dialock-hafele.netlify.app/assets/app-hdm/add-on/FT200/DM22030-DualAnt_12-34.Signed.FT200.001 816.dlkAddon]
[dialock-hafele.netlify.app/assets/app-hdm/add-on/FT200/DM22030-DualAnt_12-34.Signed.FT200.001 819.dlkAddon]
[dialock-hafele.netlify.app/assets/app-hdm/add-on/FT200/DM22030-DualAnt_12-34.Signed.FT200.001 861.dlkAddon]
[dialock-hafele.netlify.app/assets/app-hdm/add-on/FT200/DM22030-DualAnt_12-34.Signed.FT200.001 801.dlkAddon]
[dialock-hafele.netlify.app/assets/app-hdm/add-on/FT200/DM22030-DualAnt_12-34.Signed.FT200.001 510.dlkAddon]
[dialock-hafele.netlify.app/assets/app-hdm/add-on/FT200/DM22030-DualAnt_12-34.Signed.FT200.001 513.dlkAddon]
[dialock-hafele.netlify.app/assets/app-hdm/add-on/FT200/DM22030-DualAnt_12-34.Signed.FT200.001 516.dlkAddon]
[dialock-hafele.netlify.app/assets/app-hdm/add-on/FT200/DM22030-DualAnt_12-34.Signed.FT200.001 534.dlkAddon]
[dialock-hafele.netlify.app/assets/app-hdm/add-on/FT200/DM22030-DualAnt_12-34.Signed.FT200.001 309.dlkAddon]
[dialock-hafele.netlify.app/assets/app-hdm/add-on/FT200/DM22030-DualAnt_12-34.Signed.FT200.001 798.dlkAddon]
[dialock-hafele.netlify.app/assets/app-hdm/add-on/FT200/DM22030-DualAnt_12-34.Signed.FT200.001 288.dlkAddon]
[dialock-hafele.netlify.app/assets/app-hdm/add-on/FT200/DM22030-DualAnt_12-34.Signed.FT200.001 858.dlkAddon]
[dialock-hafele.netlify.app/assets/app-hdm/add-on/FT200/DM22030-DualAnt_12-34.Signed.FT200.001 855.dlkAddon]
[dialock-hafele.netlify.app/assets/app-hdm/add-on/FT200/DM22030-DualAnt_12-34.Signed.FT200.001 852.dlkAddon]
[dialock-hafele.netlify.app/assets/app-hdm/add-on/FT200/DM22030-DualAnt_12-34.Signed.FT200.001 792.dlkAddon]
[dialock-hafele.netlify.app/assets/app-hdm/add-on/FT200/DM22030-DualAnt_12-34.Signed.FT200.001 849.dlkAddon]
[dialock-hafele.netlify.app/assets/app-hdm/add-on/FT200/DM22030-DualAnt_12-34.Signed.FT200.001 297.dlkAddon]
[dialock-hafele.netlify.app/assets/app-hdm/add-on/FT200/DM22030-DualAnt_12-34.Signed.FT200.001 303.dlkAddon]
[dialock-hafele.netlify.app/assets/app-hdm/add-on/FT200/DM22030-DualAnt_12-34.Signed.FT200.001 294.dlkAddon]
[dialock-hafele.netlify.app/assets/app-hdm/add-on/FT200/DM22030-DualAnt_12-34.Signed.FT200.001 846.dlkAddon]
[dialock-hafele.netlify.app/assets/app-hdm/add-on/FT200/DM22030-DualAnt_12-34.Signed.FT200.001 843.dlkAddon]
[dialock-hafele.netlify.app/assets/app-hdm/add-on/FT200/DM22030-DualAnt_12-34.Signed.FT200.001 840.dlkAddon]
[dialock-hafele.netlify.app/assets/app-hdm/add-on/FT200/DM22030-DualAnt_12-34.Signed.FT200.001 789.dlkAddon]
[dialock-hafele.netlify.app/assets/app-hdm/add-on/FT200/DM22030-DualAnt_12-34.Signed.FT200.001 786.dlkAddon]
[dialock-hafele.netlify.app/assets/app-hdm/add-on/FT200/DM22030-DualAnt_12-34.Signed.FT200.001 795.dlkAddon]
[dialock-hafele.netlify.app/assets/app-hdm/add-on/FT200/DM22030-DualAnt_12-34.Signed.FT200.001 783.dlkAddon]
[dialock-hafele.netlify.app/assets/app-hdm/add-on/FT200/DM22030-DualAnt_12-34.Signed.FT200.001 837.dlkAddon]
[dialock-hafele.netlify.app/assets/app-hdm/add-on/FT200/DM22030-DualAnt_12-34.Signed.FT200.001 780.dlkAddon]
[dialock-hafele.netlify.app/assets/app-hdm/add-on/FT200/DM22030-DualAnt_12-34.Signed.FT200.001 777.dlkAddon]
[dialock-hafele.netlify.app/assets/app-hdm/add-on/FT200/DM22030-DualAnt_12-34.Signed.FT200.001 831.dlkAddon]
[dialock-hafele.netlify.app/assets/app-hdm/add-on/FT200/DM22030-DualAnt_12-34.Signed.FT200.001 768.dlkAddon]
[dialock-hafele.netlify.app/assets/app-hdm/add-on/FT200/DM22030-DualAnt_12-34.Signed.FT200.001 834.dlkAddon]
[dialock-hafele.netlify.app/assets/app-hdm/add-on/FT200/DM22030-DualAnt_12-34.Signed.FT200.001 828.dlkAddon]
[dialock-hafele.netlify.app/assets/app-hdm/add-on/FT200/DM22030-DualAnt_12-34.Signed.FT200.001 771.dlkAddon]
[dialock-hafele.netlify.app/assets/app-hdm/add-on/FT200/DM22030-DualAnt_12-34.Signed.FT200.001 774.dlkAddon]
[dialock-hafele.netlify.app/assets/app-hdm/add-on/FT200/DM22030-DualAnt_12-34.Signed.FT200.002 475.dlkAddon]
[dialock-hafele.netlify.app/assets/app-hdm/add-on/FT200/DM22030-DualAnt_12-34.Signed.FT200.001 825.dlkAddon]
[dialock-hafele.netlify.app/assets/app-hdm/add-on/FT200/DM22030-DualAnt_12-34.Signed.FT200.002 196.dlkAddon]
[dialock-hafele.netlify.app/assets/app-hdm/add-on/FT200/DM22030-DualAnt_12-34.Signed.FT200.002 439.dlkAddon]
[dialock-hafele.netlify.app/assets/app-hdm/add-on/FT200/DM22030-DualAnt_12-34.Signed.FT200.002 493.dlkAddon]
[dialock-hafele.netlify.app/assets/app-hdm/add-on/FT200/DM22030-DualAnt_12-34.Signed.FT200.002 247.dlkAddon]
[dialock-hafele.netlify.app/assets/app-hdm/add-on/FT200/DM22030-DualAnt_12-34.Signed.FT200.002 490.dlkAddon]
[dialock-hafele.netlify.app/assets/app-hdm/add-on/FT200/DM22030-DualAnt_12-34.Signed.FT200.002 487.dlkAddon]
[dialock-hafele.netlify.app/assets/app-hdm/add-on/FT200/DM22030-DualAnt_12-34.Signed.FT200.002 478.dlkAddon]
[dialock-hafele.netlify.app/assets/app-hdm/add-on/FT200/DM22030-DualAnt_12-34.Signed.FT200.002 481.dlkAddon]
[dialock-hafele.netlify.app/assets/app-hdm/add-on/FT200/DM22030-DualAnt_12-34.Signed.FT200.002 484.dlkAddon]
[dialock-hafele.netlify.app/assets/app-hdm/add-on/FT200/DM22030-DualAnt_12-34.Signed.FT200.002 193.dlkAddon]
[dialock-hafele.netlify.app/assets/app-hdm/add-on/FT200/DM22030-DualAnt_12-34.Signed.FT200.002 472.dlkAddon]
[dialock-hafele.netlify.app/assets/app-hdm/add-on/FT200/DM22030-DualAnt_12-34.Signed.FT200.002 454.dlkAddon]
[dialock-hafele.netlify.app/assets/app-hdm/add-on/FT200/DM22030-DualAnt_12-34.Signed.FT200.002 460.dlkAddon]
[dialock-hafele.netlify.app/assets/app-hdm/add-on/FT200/DM22030-DualAnt_12-34.Signed.FT200.002 451.dlkAddon]
[dialock-hafele.netlify.app/assets/app-hdm/add-on/FT200/DM22030-DualAnt_12-34.Signed.FT200.002 457.dlkAddon]
[dialock-hafele.netlify.app/assets/app-hdm/add-on/FT200/DM22030-DualAnt_12-34.Signed.FT200.002 340.dlkAddon]
[dialock-hafele.netlify.app/assets/app-hdm/add-on/FT200/DM22030-DualAnt_12-34.Signed.FT200.002 205.dlkAddon]
[dialock-hafele.netlify.app/assets/app-hdm/add-on/FT200/DM22030-DualAnt_12-34.Signed.FT200.002 208.dlkAddon]
[dialock-hafele.netlify.app/assets/app-hdm/add-on/FT200/DM22030-DualAnt_12-34.Signed.FT200.002 436.dlkAddon]
[dialock-hafele.netlify.app/assets/app-hdm/add-on/FT200/DM22030-DualAnt_12-34.Signed.FT200.002 211.dlkAddon]
[dialock-hafele.netlify.app/assets/app-hdm/add-on/FT200/DM22030-DualAnt_12-34.Signed.FT200.002 445.dlkAddon]
[dialock-hafele.netlify.app/assets/app-hdm/add-on/FT200/DM22030-DualAnt_12-34.Signed.FT200.002 466.dlkAddon]
[dialock-hafele.netlify.app/assets/app-hdm/add-on/FT200/DM22030-DualAnt_12-34.Signed.FT200.002 463.dlkAddon]
[dialock-hafele.netlify.app/assets/app-hdm/add-on/FT200/DM22030-DualAnt_12-34.Signed.FT200.002 469.dlkAddon]
[dialock-hafele.netlify.app/assets/app-hdm/add-on/FT200/DM22030-DualAnt_12-34.Signed.FT200.002 241.dlkAddon]
[dialock-hafele.netlify.app/assets/app-hdm/add-on/FT200/DM22030-DualAnt_12-34.Signed.FT200.002 244.dlkAddon]
[dialock-hafele.netlify.app/assets/app-hdm/add-on/FT200/DM22030-DualAnt_12-34.Signed.FT200.002 415.dlkAddon]
[dialock-hafele.netlify.app/assets/app-hdm/add-on/FT200/DM22030-DualAnt_12-34.Signed.FT200.002 217.dlkAddon]
[dialock-hafele.netlify.app/assets/app-hdm/add-on/FT200/DM22030-DualAnt_12-34.Signed.FT200.002 214.dlkAddon]
[dialock-hafele.netlify.app/assets/app-hdm/add-on/FT200/DM22030-DualAnt_12-34.Signed.FT200.002 226.dlkAddon]
[dialock-hafele.netlify.app/assets/app-hdm/add-on/FT200/DM22030-DualAnt_12-34.Signed.FT200.002 421.dlkAddon]
[dialock-hafele.netlify.app/assets/app-hdm/add-on/FT200/DM22030-DualAnt_12-34.Signed.FT200.002 238.dlkAddon]
[dialock-hafele.netlify.app/assets/app-hdm/add-on/FT200/DM22030-DualAnt_12-34.Signed.FT200.002 229.dlkAddon]
[dialock-hafele.netlify.app/assets/app-hdm/add-on/FT200/DM22030-DualAnt_12-34.Signed.FT200.002 337.dlkAddon]
[dialock-hafele.netlify.app/assets/app-hdm/add-on/FT200/DM22030-DualAnt_12-34.Signed.FT200.002 448.dlkAddon]
[dialock-hafele.netlify.app/assets/app-hdm/add-on/FT200/DM22030-DualAnt_12-34.Signed.FT200.002 187.dlkAddon]
[dialock-hafele.netlify.app/assets/app-hdm/add-on/FT200/DM22030-DualAnt_12-34.Signed.FT200.002 220.dlkAddon]
[dialock-hafele.netlify.app/assets/app-hdm/add-on/FT200/DM22030-DualAnt_12-34.Signed.FT200.002 235.dlkAddon]
[dialock-hafele.netlify.app/assets/app-hdm/add-on/FT200/DM22030-DualAnt_12-34.Signed.FT200.002 232.dlkAddon]
[dialock-hafele.netlify.app/assets/app-hdm/add-on/FT200/DM22030-DualAnt_12-34.Signed.FT200.002 433.dlkAddon]
[dialock-hafele.netlify.app/assets/app-hdm/add-on/FT200/DM22030-DualAnt_12-34.Signed.FT200.002 430.dlkAddon]
[dialock-hafele.netlify.app/assets/app-hdm/add-on/FT200/DM22030-DualAnt_12-34.Signed.FT200.002 418.dlkAddon]
[dialock-hafele.netlify.app/assets/app-hdm/add-on/FT200/DM22030-DualAnt_12-34.Signed.FT200.002 424.dlkAddon]
[dialock-hafele.netlify.app/assets/app-hdm/add-on/FT200/DM22030-DualAnt_12-34.Signed.FT200.002 736.dlkAddon]
[dialock-hafele.netlify.app/assets/app-hdm/add-on/FT200/DM22030-DualAnt_12-34.Signed.FT200.002 739.dlkAddon]
[dialock-hafele.netlify.app/assets/app-hdm/add-on/FT200/DM22030-DualAnt_12-34.Signed.FT200.002 427.dlkAddon]
[dialock-hafele.netlify.app/assets/app-hdm/add-on/FT200/DM22030-DualAnt_12-34.Signed.FT200.002 184.dlkAddon]
[dialock-hafele.netlify.app/assets/app-hdm/add-on/FT200/DM22030-DualAnt_12-34.Signed.FT200.002 202.dlkAddon]
[dialock-hafele.netlify.app/assets/app-hdm/add-on/FT200/DM22030-DualAnt_12-34.Signed.FT200.002 706.dlkAddon]
[dialock-hafele.netlify.app/assets/app-hdm/add-on/FT200/DM22030-DualAnt_12-34.Signed.FT200.002 016.dlkAddon]
[dialock-hafele.netlify.app/assets/app-hdm/add-on/FT200/DM22030-DualAnt_12-34.Signed.FT200.002 730.dlkAddon]
[dialock-hafele.netlify.app/licenses/ACCESS_44500190_002442.hdm]
[dialock-hafele.netlify.app/licenses/ACCESS_44500204_002223.hdm]
[dialock-hafele.netlify.app/licenses/ACCESS_44500210_002496.hdm]
[dialock-hafele.netlify.app/extensions/004-839_840_841.dlkAddon]
[dialock-hafele.netlify.app/extensions/004-638_639_640.dlkAddon]
[dialock-hafele.netlify.app/extensions/004-797_798_799.dlkAddon]
[dialock-hafele.netlify.app/extensions/004-842_843_844.dlkAddon]
[dialock-hafele.netlify.app/extensions/004-641_642_643.dlkAddon]
[dialock-hafele.netlify.app/extensions/004-812_813_814.dlkAddon]
[dialock-hafele.netlify.app/extensions/004-782_783_784.dlkAddon]
[dialock-hafele.netlify.app/extensions/004-815_816_817.dlkAddon]
[dialock-hafele.netlify.app/extensions/004-800_801_802.dlkAddon.146.delayed]
[dialock-hafele.netlify.app/extensions/003-576_577_578.dlkAddon]
[dialock-hafele.netlify.app/extensions/004-773_774_775.dlkAddon]
[dialock-hafele.netlify.app/extensions/004-788_789_790.dlkAddon]
[dialock-hafele.netlify.app/extensions/004-785_786_787.dlkAddon]
[dialock-hafele.netlify.app/extensions/004-380_381_382.dlkAddon]
[dialock-hafele.netlify.app/extensions/004-767_768_769.dlkAddon]
[dialock-hafele.netlify.app/extensions/004-254_255_256.dlkAddon]
[dialock-hafele.netlify.app/extensions/004-299_300_301.dlkAddon]
[dialock-hafele.netlify.app/extensions/004-770_771_772.dlkAddon]
[dialock-hafele.netlify.app/extensions/004-776_777_778.dlkAddon]
[dialock-hafele.netlify.app/extensions/004-779_780_781.dlkAddon]
[dialock-hafele.netlify.app/extensions/004-374_375_376.dlkAddon]
[dialock-hafele.netlify.app/extensions/004-674_675_676.dlkAddon]
[dialock-hafele.netlify.app/extensions/004-647_648_649.dlkAddon]
[dialock-hafele.netlify.app/extensions/004-665_666_667.dlkAddon]
[dialock-hafele.netlify.app/extensions/004-653_654_655.dlkAddon]
[dialock-hafele.netlify.app/extensions/004-650_651_652.dlkAddon]
[dialock-hafele.netlify.app/extensions/004-377_378_379.dlkAddon]
[dialock-hafele.netlify.app/extensions/004-452_453_454.dlkAddon]
[dialock-hafele.netlify.app/extensions/004-449_450_451.dlkAddon]
[dialock-hafele.netlify.app/extensions/004-668_669_670.dlkAddon]
[dialock-hafele.netlify.app/extensions/004-662_663_664.dlkAddon]
[dialock-hafele.netlify.app/extensions/004-671_672_673.dlkAddon]
[dialock-hafele.netlify.app/extensions/004-656_657_658.dlkAddon]
[dialock-hafele.netlify.app/extensions/004-659_660_661.dlkAddon]
[dialock-hafele.netlify.app/extensions/003-891_892_893.dlkAddon]
[dialock-hafele.netlify.app/extensions/003-567_568_569.dlkAddon]
[dialock-hafele.netlify.app/extensions/004-494_495_496.dlkAddon]
[dialock-hafele.netlify.app/extensions/004-491_492_493.dlkAddon]
[dialock-hafele.netlify.app/extensions/004-485_486_487.dlkAddon]
[dialock-hafele.netlify.app/extensions/004-488_489_490.dlkAddon]
[dialock-hafele.netlify.app/extensions/004-497_498_499.dlkAddon]
[dialock-hafele.netlify.app/extensions/004-482_483_484.dlkAddon]
[dialock-hafele.netlify.app/extensions/004-500_501_502.dlkAddon]
[dialock-hafele.netlify.app/extensions/004-503_504_505.dlkAddon]
[dialock-hafele.netlify.app/extensions/004-038_039_040.dlkAddon]
[dialock-hafele.netlify.app/extensions/004-506_507_508.dlkAddon]
[dialock-hafele.netlify.app/extensions/004-302_303_304.dlkAddon]
[dialock-hafele.netlify.app/extensions/004-305_306_307.dlkAddon]
[dialock-hafele.netlify.app/extensions/004-296_297_298.dlkAddon]
[dialock-hafele.netlify.app/extensions/004-257_258_259.dlkAddon]
[dialock-hafele.netlify.app/extensions/004-509_510_511.dlkAddon]
[dialock-hafele.netlify.app/extensions/004-293-294-295.dlkAddon]
[dialock-hafele.netlify.app/extensions/004-269_270_271.dlkAddon]
[dialock-hafele.netlify.app/extensions/004-272_273_274.dlkAddon]
[dialock-hafele.netlify.app/extensions/004-290_291_292.dlkAddon]
[dialock-hafele.netlify.app/extensions/004-287_288_289.dlkAddon]
[dialock-hafele.netlify.app/extensions/004-059_060_061.dlkAddon]
[dialock-hafele.netlify.app/extensions/004-284_285_286.dlkAddon]
[dialock-hafele.netlify.app/extensions/002-043_044_045.dlkAddon]
[dialock-hafele.netlify.app/extensions/004-251_252_253.dlkAddon]
[dialock-hafele.netlify.app/extensions/004-281_282_283.dlkAddon]
[dialock-hafele.netlify.app/extensions/002-994_995_996.dlkAddon]
[dialock-hafele.netlify.app/extensions/004-278_279_280.dlkAddon]
[dialock-hafele.netlify.app/extensions/004-260_261_262.dlkAddon]
[dialock-hafele.netlify.app/extensions/004-263_264_265.dlkAddon]
[dialock-hafele.netlify.app/extensions/004-266_267_268.dlkAddon]
[dialock-hafele.netlify.app/extensions/004-275_276_277.dlkAddon]
[dialock-hafele.netlify.app/extensions/004-041_042_043.dlkAddon]
[dialock-hafele.netlify.app/extensions/004-095_096_097.dlkAddon]
[dialock-hafele.netlify.app/extensions/004-065_066_067.dlkAddon]
[dialock-hafele.netlify.app/extensions/004-053_054_055.dlkAddon]
[dialock-hafele.netlify.app/extensions/002-004_005_006.dlkAddon]
[dialock-hafele.netlify.app/extensions/004-050_051_052.dlkAddon]
[dialock-hafele.netlify.app/extensions/004-017_018_019.dlkAddon]
[dialock-hafele.netlify.app/extensions/004-026_027_028.dlkAddon]
[dialock-hafele.netlify.app/extensions/004-077_078_079.dlkAddon]
[dialock-hafele.netlify.app/extensions/004-002_003_004.dlkAddon]
[dialock-hafele.netlify.app/extensions/004-020_021_022.dlkAddon]
[dialock-hafele.netlify.app/extensions/003-999+004-000_001.dlkAddon]
[dialock-hafele.netlify.app/extensions/004-083_084_085.dlkAddon]
[dialock-hafele.netlify.app/extensions/004-104_105_106.dlkAddon]
[dialock-hafele.netlify.app/extensions/004_101_102_103.dlkAddon]
[dialock-hafele.netlify.app/extensions/004-029_030_031_silencing.dlkAddon]
[dialock-hafele.netlify.app/extensions/004-044_045_046.dlkAddon]
[dialock-hafele.netlify.app/extensions/004-014_015_016.dlkAddon]
[dialock-hafele.netlify.app/extensions/004-047_048_049.dlkAddon]
[dialock-hafele.netlify.app/extensions/003-993_994_995.dlkAddon]
[dialock-hafele.netlify.app/extensions/002-715_716_717.dlkAddon]
[dialock-hafele.netlify.app/extensions/004-074_075_076.dlkAddon]
[dialock-hafele.netlify.app/extensions/004-107_108_109.dlkAddon]
[dialock-hafele.netlify.app/extensions/004-035_036_037.dlkAddon]
[dialock-hafele.netlify.app/extensions/004-056_057_058.dlkAddon]
[dialock-hafele.netlify.app/extensions/002-067_068_069.dlkAddon]
[dialock-hafele.netlify.app/extensions/004-098_099_100.dlkAddon]
[dialock-hafele.netlify.app/extensions/004-080_081_082.dlkAddon]
[dialock-hafele.netlify.app/extensions/002-445_446_447_silencing.dlkAddon]
[dialock-hafele.netlify.app/extensions/004-068_069_070.dlkAddon]
[dialock-hafele.netlify.app/extensions/004-062_063_064.dlkAddon]
[dialock-hafele.netlify.app/assets/app-hdm/ft200-add-on.html]
[dialock-hafele.netlify.app/extensions/004-092_093_094.dlkAddon]
[dialock-hafele.netlify.app/assets/app-hdm/app_mode-2.html]
[dialock-hafele.netlify.app/assets/app-hdm/app_mode_creating_project.html]
[dialock-hafele.netlify.app/assets/app-hdm/app_mode_adding_licenses.html]
[dialock-hafele.netlify.app/assets/app-hdm/app_mode_dashboard.html]
[dialock-hafele.netlify.app/assets/app-hdm/app_mode_grouping_terminals.html]
[dialock-hafele.netlify.app/assets/app-hdm/app_mode_replacing_keys.html]
[dialock-hafele.netlify.app/assets/app-hdm/app_mode_replacing_terminals.html]
[dialock-hafele.netlify.app/assets/app-hdm/app_mode_add-on.html]
[dialock-hafele.netlify.app/assets/app-hdm/app_mode_saving_projects.html]
[dialock-hafele.netlify.app/assets/app-hdm/app_mode_access_log.html]
[dialock-hafele.netlify.app/assets/app-hdm/app_mode_grouping_keys.html]
[dialock-hafele.netlify.app/assets/app-hdm/app_mode_identification.html]
[dialock-hafele.netlify.app/assets/app-hdm/app_mode_locking_map_creation.html]
[dialock-hafele.netlify.app/assets/app-hdm/app_mode_configuration_in_advance.html]
[dialock-hafele.netlify.app/assets/app-hdm/app_mode.html]
[dialock-hafele.netlify.app/assets/app-hdm/app_mode_time_model.html]
[dialock-hafele.netlify.app/assets/app-hdm/HDM.jpg]
[dialock-hafele.netlify.app/assets/app-hdm/apk.html]
[dialock-hafele.netlify.app/assets/app-hdm/loading-macro.html]
[dialock-hafele.netlify.app/assets/app-hdm/loading-macro-2.html]
[dialock-hafele.netlify.app/assets/app-hdm/self-test.html]
[dialock-hafele.netlify.app/assets/app-hdm/self-test-2.html]
[dialock-hafele.netlify.app/assets/power-supply/power-supply.jpg]
[dialock-hafele.netlify.app/assets/power-supply/domestics/domestics-catalog.pdf]
[dialock-hafele.netlify.app/assets/power-supply/domestics/domestic-fcc.pdf]
[dialock-hafele.netlify.app/apk/DialockManager-v2.5.1.apk]
[dialock-hafele.netlify.app/assets/power-supply/overseas/overseas-catalog.pdf]
[dialock-hafele.netlify.app/assets/power-supply/domestics/domestic-kc.pdf]
[dialock-hafele.netlify.app/assets/power-supply/overseas/certificate/australia_180.pdf]
[dialock-hafele.netlify.app/assets/power-supply/overseas/certificate/ul_certificate.pdf]
[dialock-hafele.netlify.app/assets/power-supply/overseas/certificate/siq_certificate.pdf]
[dialock-hafele.netlify.app/assets/power-supply/overseas/certificate/cb_test_si-5843.pdf]
[dialock-hafele.netlify.app/assets/power-supply/overseas/certificate/cb_test_si-7328.pdf]
[dialock-hafele.netlify.app/assets/power-supply/overseas/certificate/237_58_101_CE.pdf]
[dialock-hafele.netlify.app/power-supply.html]
[dialock-hafele.netlify.app/emergency.html]
[dialock-hafele.netlify.app/assets/emergency/aux-in-2.html]
[dialock-hafele.netlify.app/assets/power-supply/overseas/japan_power_supply.pdf]
[dialock-hafele.netlify.app/assets/app-hdm/add-on.1c1.delayed]
[dialock-hafele.netlify.app/assets/emergency/images/connector.jpg]
[dialock-hafele.netlify.app/assets/emergency/aux-in.html]
[dialock-hafele.netlify.app/assets/emergency/test-unit-2.html]
[dialock-hafele.netlify.app/assets/emergency/test-unit/emergency-openning-cable.jpg]
[dialock-hafele.netlify.app/assets/emergency/test-unit/adapter.jpg]
[dialock-hafele.netlify.app/assets/emergency/test-unit.html]
[dialock-hafele.netlify.app/assets/emergency/test-unit/test-unit-combo.pdf]
[dialock-hafele.netlify.app/assets/emergency/test-unit-one-lock-2.html]
[dialock-hafele.netlify.app/assets/emergency/test-unit/go-to-lock.jpg]
[dialock-hafele.netlify.app/assets/emergency/test-unit-one-lock.html]
[dialock-hafele.netlify.app/assets/emergency/test-unit-multiple-locks-2.html]
[dialock-hafele.netlify.app/assets/emergency/test-unit/go-to-mla6p.jpg]
[dialock-hafele.netlify.app/assets/emergency/test-unit-multiple-locks.html]
[dialock-hafele.netlify.app/assets/emergency/external-power-2.html]
[dialock-hafele.netlify.app/assets/emergency/external-power/power-supply.jpg]
[dialock-hafele.netlify.app/assets/emergency/external-power.html]
[dialock-hafele.netlify.app/assets/emergency/external-power/schematic.pdf]
[dialock-hafele.netlify.app/assets/WT210/wt210.jpg]
[dialock-hafele.netlify.app/wt210.html]
[dialock-hafele.netlify.app/assets/wt210/wt210-strike.html]
[dialock-hafele.netlify.app/assets/WT210/wt210-catalog.pdf]
[dialock-hafele.netlify.app/assets/WT210/wt210-button-for-out.jpg]
[dialock-hafele.netlify.app/assets/WT210/wt210-key-for-out.jpg]
[dialock-hafele.netlify.app/assets/wt210/wt210-diagram.html]
[dialock-hafele.netlify.app/assets/wt210/wt210-operation.html]
[dialock-hafele.netlify.app/assets/app-hdm/app_mode_creating_project-2.html]
[dialock-hafele.netlify.app/images/loading_addon_error.jpg]
[dialock-hafele.netlify.app/faq.html]
[dialock-hafele.netlify.app/assets/WT210/wt210-installation.pdf]
[dialock-hafele.netlify.app/admin/index.html]
[dialock-hafele.netlify.app/images/loading.gif]
[dialock-hafele.netlify.app/css/lightbox.min.css]
[dialock-hafele.netlify.app/css/tableStyle.css]
[dialock-hafele.netlify.app/assets/app-hdm/apk-2.html]
[dialock-hafele.netlify.app/css/ft200_addon.css]
[dialock-hafele.netlify.app/css/responsive_list.css]
[dialock-hafele.netlify.app/extensions/004-800_801_802.dlkAddon.html]
[dialock-hafele.netlify.app/assets/app-hdm/app_mode-2.html]
[dialock-hafele.netlify.app/assets/app-hdm/app_mode_creating_project.html]
[dialock-hafele.netlify.app/assets/app-hdm/app_mode_adding_licenses.html]
[dialock-hafele.netlify.app/assets/app-hdm/app_mode_dashboard.html]
[dialock-hafele.netlify.app/assets/app-hdm/app_mode_grouping_terminals.html]
[dialock-hafele.netlify.app/assets/app-hdm/app_mode_replacing_keys.html]
[dialock-hafele.netlify.app/assets/app-hdm/app_mode_replacing_terminals.html]
[dialock-hafele.netlify.app/assets/app-hdm/app_mode_add-on.html]
[dialock-hafele.netlify.app/assets/app-hdm/app_mode_saving_projects.html]
[dialock-hafele.netlify.app/assets/app-hdm/app_mode_access_log.html]
[dialock-hafele.netlify.app/assets/app-hdm/app_mode_grouping_keys.html]
[dialock-hafele.netlify.app/assets/app-hdm/app_mode_identification.html]
[dialock-hafele.netlify.app/assets/app-hdm/app_mode_locking_map_creation.html]
[dialock-hafele.netlify.app/assets/app-hdm/app_mode_configuration_in_advance.html]
[dialock-hafele.netlify.app/assets/app-hdm/app_mode_time_model.html]
[dialock-hafele.netlify.app/assets/app-hdm/loading-macro-2.html]
[dialock-hafele.netlify.app/assets/app-hdm/self-test-2.html]
[dialock-hafele.netlify.app/assets/emergency/aux-in-2.html]
[dialock-hafele.netlify.app/assets/app-hdm/add-on.html]
[dialock-hafele.netlify.app/assets/emergency/test-unit-2.html]
[dialock-hafele.netlify.app/assets/emergency/test-unit-one-lock-2.html]
[dialock-hafele.netlify.app/assets/emergency/test-unit-multiple-locks-2.html]
[dialock-hafele.netlify.app/assets/emergency/external-power-2.html]
[unpkg.com/netlify-cms@2.10.192/dist/netlify-cms.js]
[dialock-hafele.netlify.app/assets/WT210/wt210-operation-guide.pdf]
[dialock-hafele.netlify.app/assets/app-hdm/app_mode_creating_project-2.html]
[cdn.jsdelivr.net/npm/@algolia/algoliasearch-netlify-frontend@1/dist/algoliasearchNetlify.css]
[cdn.jsdelivr.net/npm/@algolia/algoliasearch-netlify-frontend@1/dist/algoliasearchNetlify.js]
